// Jest Snapshot v1, https://goo.gl/fbAQLP

exports[`homepage.vue should match the snapshot 1`] = `
<div
  class="container"
  id="home"
>
  <div>
    <a
      class="tsl-button"
      href="#"
      id="fetch-employees"
      target="_self"
    >
      <div>
        Get the Tesselo Squad!!
      </div>
    </a>
  </div>
   
  <!---->
</div>
`;
